// Jest Snapshot v1, https://goo.gl/fbAQLP

exports[`renders the UI as expected 1`] = `
<section
  cards="test"
  className="List"
>
  <header
    className="List-header"
  >
    <h2>
      test
    </h2>
  </header>
  <div
    className="List-cards"
  />
</section>
`;
